crptest run on: 29.08.20 at 11:18:15 UTC
make: Nothing to be done for 'all'.
Installed TokenCrypt utilities in /usr/local/bin
ncrpt encrypted 4 files into testing_crp, keys are in testing_key
      testing size:	12008
      testing_crp size:	7843
ncrpt compressed (some with lz) to: 65.31 %
dcrpt: decrypted 4 files into testing_org, 0 failures
crptest differences found (success when blank):
crptest tested 4 files
